// Jest Snapshot v1, https://goo.gl/fbAQLP

exports[`Line component matches the snapshot 1`] = `
<span
  className="sc-bdVaJa ekyfYm"
/>
`;
